TAP version 13
# Subtest: 待办不生成已取消的异常工作台卡片，不再查询巡检日志充当业务待办
ok 1 - 待办不生成已取消的异常工作台卡片，不再查询巡检日志充当业务待办
  ---
  duration_ms: 1.48575
  type: 'test'
  ...
# Subtest: 通知不查询或展示已取消的系统巡检提醒
ok 2 - 通知不查询或展示已取消的系统巡检提醒
  ---
  duration_ms: 0.405542
  type: 'test'
  ...
# Subtest: 调拨通知按任一端授权计数，空范围不泄漏，不限仓保留原计数
    # Subtest: 源仓命中
    ok 1 - 源仓命中
      ---
      duration_ms: 0.458875
      type: 'test'
      ...
    # Subtest: 目标仓命中
    ok 2 - 目标仓命中
      ---
      duration_ms: 0.6055
      type: 'test'
      ...
    # Subtest: 两端命中只计一次
    ok 3 - 两端命中只计一次
      ---
      duration_ms: 0.202875
      type: 'test'
      ...
    # Subtest: 范围外
    ok 4 - 范围外
      ---
      duration_ms: 0.156916
      type: 'test'
      ...
    # Subtest: 空范围
    ok 5 - 空范围
      ---
      duration_ms: 0.170416
      type: 'test'
      ...
    # Subtest: 不限仓
    ok 6 - 不限仓
      ---
      duration_ms: 0.24125
      type: 'test'
      ...
    1..6
ok 3 - 调拨通知按任一端授权计数，空范围不泄漏，不限仓保留原计数
  ---
  duration_ms: 2.371875
  type: 'test'
  ...
# Subtest: 待上架相关的容器查询用真实状态 4，不得再用不存在的状态 0
ok 4 - 待上架相关的容器查询用真实状态 4，不得再用不存在的状态 0
  ---
  duration_ms: 1.241916
  type: 'test'
  ...
1..4
# tests 10
# suites 0
# pass 10
# fail 0
# cancelled 0
# skipped 0
# todo 0
# duration_ms 83.914917
