
> flowcube-frontend@0.9.6 build
> cross-env VITE_ELECTRON=1 vite build

vite v6.4.3 building for production...
transforming...
✓ 5161 modules transformed.
rendering chunks...
[plugin vite:reporter] 
(!) /Users/chengjianghao/flowcube/frontend/src/lib/queryClient.ts is dynamically imported by /Users/chengjianghao/flowcube/frontend/src/main.tsx but also statically imported by /Users/chengjianghao/flowcube/frontend/src/lib/authSession.ts, /Users/chengjianghao/flowcube/frontend/src/store/companyStore.ts, dynamic import will not move module into another chunk.

computing gzip size...
dist/index.html                                      2.11 kB │ gzip:   0.97 kB
dist/assets/index-1BhnowPq.css                       1.68 kB │ gzip:   0.65 kB
dist/assets/index-R_x4bAbK.css                      32.67 kB │ gzip:   7.27 kB
dist/assets/index-MORgopSV.css                      84.51 kB │ gzip:  15.55 kB
dist/assets/inbound-tasks-DrUIdmTo.js                0.10 kB │ gzip:   0.11 kB
dist/assets/useCompanyQueryKey-DxaZOmUU.js           0.13 kB │ gzip:   0.14 kB
dist/assets/portal-BmRY0Oct.js                       0.16 kB │ gzip:   0.14 kB
dist/assets/requestKey-De190LhO.js                   0.17 kB │ gzip:   0.17 kB
dist/assets/pdaCriticalState-C5tLQ0O9.js             0.21 kB │ gzip:   0.17 kB
dist/assets/useWarehouses-CQD7nzvN.js                0.21 kB │ gzip:   0.19 kB
dist/assets/price-lists-DfCy3_zz.js                  0.23 kB │ gzip:   0.18 kB
dist/assets/useSuppliers-RA-_C_O4.js                 0.25 kB │ gzip:   0.19 kB
dist/assets/carriers-DAABhR7e.js                     0.27 kB │ gzip:   0.18 kB
dist/assets/QueryFormLayout-DTMFumLw.js              0.27 kB │ gzip:   0.22 kB
dist/assets/print-templates-DddKW4zW.js              0.30 kB │ gzip:   0.19 kB
dist/assets/useActiveWorkspaceTab-ryDC8MWd.js        0.30 kB │ gzip:   0.22 kB
dist/assets/suppliers-CJRcvjMs.js                    0.31 kB │ gzip:   0.20 kB
dist/assets/approvals-MZZvUw6U.js                    0.32 kB │ gzip:   0.21 kB
dist/assets/urlSearchParams-CBg1aJhU.js              0.33 kB │ gzip:   0.24 kB
dist/assets/usePollingReport-CNU4ANq8.js             0.35 kB │ gzip:   0.26 kB
dist/assets/warehouses-Cn6EFaIG.js                   0.38 kB │ gzip:   0.20 kB
dist/assets/sorting-bins-B5GeLGtL.js                 0.38 kB │ gzip:   0.22 kB
dist/assets/exportDownload-BA4-itIc.js               0.39 kB │ gzip:   0.32 kB
dist/assets/procurement-BqD7sXwz.js                  0.40 kB │ gzip:   0.23 kB
dist/assets/PdaBottomBar-36ZfnAAO.js                 0.41 kB │ gzip:   0.29 kB
dist/assets/dateRange-NMNoMKlp.js                    0.43 kB │ gzip:   0.25 kB
dist/assets/useDirtyGuard-D9qPsQwj.js                0.43 kB │ gzip:   0.28 kB
dist/assets/SystemBrand-nO0G3W_N.js                  0.44 kB │ gzip:   0.32 kB
dist/assets/RecordIdentity-BrGfZs1K.js               0.45 kB │ gzip:   0.25 kB
dist/assets/useUserOptions-Bo-cIqgK.js               0.46 kB │ gzip:   0.36 kB
dist/assets/productIdentityColumns-Bl6Slk0F.js       0.48 kB │ gzip:   0.37 kB
dist/assets/ReportTable-BWbcT1nE.js                  0.50 kB │ gzip:   0.31 kB
dist/assets/PdaCard-C_gshE9k.js                      0.51 kB │ gzip:   0.36 kB
dist/assets/PaginationArrow-D3TcY8jE.js              0.51 kB │ gzip:   0.36 kB
dist/assets/SummaryStrip-VuCL6TVu.js                 0.52 kB │ gzip:   0.34 kB
dist/assets/PageHeader-_5w0TlEC.js                   0.60 kB │ gzip:   0.35 kB
dist/assets/logistics-gBKhoHTk.js                    0.62 kB │ gzip:   0.29 kB
dist/assets/locations-BTjSkXsg.js                    0.63 kB │ gzip:   0.33 kB
dist/assets/Pagination-CoIr_HBP.js                   0.66 kB │ gzip:   0.43 kB
dist/assets/useLedger-BOeDLRjU.js                    0.66 kB │ gzip:   0.32 kB
dist/assets/chartTheme-06LEX5IJ.js                   0.67 kB │ gzip:   0.41 kB
dist/assets/transfer-CRDGKkyx.js                     0.68 kB │ gzip:   0.34 kB
dist/assets/useUsers-cY2pOoh6.js                     0.68 kB │ gzip:   0.33 kB
dist/assets/QueryChips-CGnTkAMY.js                   0.68 kB │ gzip:   0.45 kB
dist/assets/SectionCard-CEEU1rA6.js                  0.69 kB │ gzip:   0.39 kB
dist/assets/ActionBar-xDAYgCN1.js                    0.70 kB │ gzip:   0.39 kB
dist/assets/purchase-requisitions-UDkk_nMz.js        0.71 kB │ gzip:   0.31 kB
dist/assets/PdaDoneView-D8VFSmTo.js                  0.71 kB │ gzip:   0.40 kB
dist/assets/useApprovals-CCNQRSjb.js                 0.72 kB │ gzip:   0.34 kB
dist/assets/OrderStatusFilter-D8VZkSPw.js            0.73 kB │ gzip:   0.45 kB
dist/assets/OperatorSelectField-D2Xjs4CF.js          0.73 kB │ gzip:   0.46 kB
dist/assets/reports-CfS6lmhI.js                      0.75 kB │ gzip:   0.37 kB
dist/assets/QueryPickerField-BarP60dk.js             0.77 kB │ gzip:   0.43 kB
dist/assets/PdaFlash-BYzxIcgs.js                     0.77 kB │ gzip:   0.44 kB
dist/assets/inbound-tasks-BW-cfMOq.js                0.78 kB │ gzip:   0.36 kB
dist/assets/useAccounts-DIp8FiUi.js                  0.81 kB │ gzip:   0.39 kB
dist/assets/useDepartments-DQC9HuEL.js               0.81 kB │ gzip:   0.36 kB
dist/assets/WarehouseSelect-B2-xLG_J.js              0.82 kB │ gzip:   0.51 kB
dist/assets/LimitedTextarea-CFNT026M.js              0.84 kB │ gzip:   0.54 kB
dist/assets/LimitedInput-CIKTSTHr.js                 0.86 kB │ gzip:   0.52 kB
dist/assets/useAuth-C_UZQxq1.js                      0.87 kB │ gzip:   0.49 kB
dist/assets/accounting-Csw4YQza.js                   0.88 kB │ gzip:   0.53 kB
dist/assets/sale-DxkiLk--.js                         0.90 kB │ gzip:   0.41 kB
dist/assets/useCategories-Dsmb5XO5.js                0.91 kB │ gzip:   0.43 kB
dist/assets/ReportPanel-D85ehuUv.js                  0.91 kB │ gzip:   0.55 kB
dist/assets/BarcodePreview-BJ1DIihv.js               0.92 kB │ gzip:   0.56 kB
dist/assets/web-D1Co90BL.js                          0.95 kB │ gzip:   0.45 kB
dist/assets/PdaTaskState-Do6SvcLS.js                 0.97 kB │ gzip:   0.49 kB
dist/assets/FilterCard-BQjBvdIB.js                   1.00 kB │ gzip:   0.55 kB
dist/assets/stockcheck-DNRkDZ08.js                   1.01 kB │ gzip:   0.44 kB
dist/assets/dateTime-B43QqAqk.js                     1.04 kB │ gzip:   0.51 kB
dist/assets/inventory-CxN9Yn1g.js                    1.04 kB │ gzip:   0.49 kB
dist/assets/payments-0DoFgLnJ.js                     1.05 kB │ gzip:   0.42 kB
dist/assets/barcode-CqY8vT1C.js                      1.05 kB │ gzip:   0.41 kB
dist/assets/useCustomers-C2cHxF8o.js                 1.09 kB │ gzip:   0.47 kB
dist/assets/useInboundTasks-D3rgnYlZ.js              1.12 kB │ gzip:   0.48 kB
dist/assets/useProducts-BqpeZKzv.js                  1.21 kB │ gzip:   0.56 kB
dist/assets/index-CbsWBsCz.js                        1.22 kB │ gzip:   0.64 kB
dist/assets/payable-Bf3JElWh.js                      1.23 kB │ gzip:   0.61 kB
dist/assets/receivable-3aFAESd9.js                   1.23 kB │ gzip:   0.61 kB
dist/assets/reconciliation-payable-C0i5PVa3.js       1.23 kB │ gzip:   0.62 kB
dist/assets/reconciliation-receivable-CZfULNAt.js    1.23 kB │ gzip:   0.62 kB
dist/assets/usePdaScanner-DzkYIphL.js                1.26 kB │ gzip:   0.62 kB
dist/assets/usePdaFeedback-l-B8Edog.js               1.27 kB │ gzip:   0.65 kB
dist/assets/DateRangeQueryBar-F8FbrayI.js            1.28 kB │ gzip:   0.64 kB
dist/assets/finance-C7ocwxei.js                      1.31 kB │ gzip:   0.45 kB
dist/assets/SettlementTypeField-BId7PAd1.js          1.34 kB │ gzip:   0.71 kB
dist/assets/receivableStatus-BdevnP63.js             1.37 kB │ gzip:   0.66 kB
dist/assets/ProductIdentityCells-CUjfSKqf.js         1.42 kB │ gzip:   0.59 kB
dist/assets/CustomerFinder-CiGzfbYB.js               1.43 kB │ gzip:   0.87 kB
dist/assets/SupplierFinder-CowV0rqf.js               1.44 kB │ gzip:   0.87 kB
dist/assets/packages-BvoMfLny.js                     1.50 kB │ gzip:   0.70 kB
dist/assets/returns-DjdpQMvO.js                      1.58 kB │ gzip:   0.49 kB
dist/assets/usePurchase-BLNNRrax.js                  1.70 kB │ gzip:   0.64 kB
dist/assets/sale-return-Cug1BZ_P.js                  1.77 kB │ gzip:   1.01 kB
dist/assets/TableActionsMenu-BPJ4VDqo.js             1.83 kB │ gzip:   0.78 kB
dist/assets/warehouse-tasks-Bse19zLe.js              1.87 kB │ gzip:   0.58 kB
dist/assets/PdaCriticalActionNotice-Bb_lpUXu.js      2.02 kB │ gzip:   1.05 kB
dist/assets/pending-CmRukU7B.js                      2.04 kB │ gzip:   1.18 kB
dist/assets/StatTile-CtLG0Wmz.js                     2.30 kB │ gzip:   1.04 kB
dist/assets/accounting-Dl0eeZ54.js                   2.31 kB │ gzip:   0.80 kB
dist/assets/CategoryPathDisplay-c3tpSQCC.js          2.39 kB │ gzip:   1.00 kB
dist/assets/index-DQrDRj1y.js                        2.44 kB │ gzip:   1.29 kB
dist/assets/GlobalErrorBoundary-BKeBv84N.js          2.53 kB │ gzip:   1.27 kB
dist/assets/PdaScanner-DoJM0XQR.js                   2.66 kB │ gzip:   1.32 kB
dist/assets/index-BfzhCH7Z.js                        2.79 kB │ gzip:   1.38 kB
dist/assets/select-BLadU4rb.js                       3.01 kB │ gzip:   1.10 kB
dist/assets/transfer-D_pwKJma.js                     3.21 kB │ gzip:   1.36 kB
dist/assets/QueryErrorState-DWLE7WT4.js              3.22 kB │ gzip:   1.43 kB
dist/assets/useInvalidate-ZOdiENv4.js                3.28 kB │ gzip:   0.64 kB
dist/assets/BaseCrudPage-DV-tX4EB.js                 3.31 kB │ gzip:   1.66 kB
dist/assets/purchase-status-rUnphWcS.js              3.39 kB │ gzip:   1.70 kB
dist/assets/inbound-BSOxP2in.js                      3.49 kB │ gzip:   1.57 kB
dist/assets/statements-DE7B4Nz1.js                   3.61 kB │ gzip:   1.73 kB
dist/assets/avg-cost-reconciliation-COmyo4dI.js      3.62 kB │ gzip:   1.79 kB
dist/assets/dropdown-menu-D0pfhnR5.js                3.65 kB │ gzip:   1.00 kB
dist/assets/CategoryTreeSelect-DE9DIG2t.js           3.80 kB │ gzip:   1.64 kB
dist/assets/inventory-query-B63Ov2EB.js              3.91 kB │ gzip:   1.85 kB
dist/assets/RiskDetails-07GqpIFM.js                  3.95 kB │ gzip:   1.89 kB
dist/assets/web-CBKLmDG3.js                          4.08 kB │ gzip:   1.41 kB
dist/assets/login-B9wuEgOa.js                        4.25 kB │ gzip:   1.68 kB
dist/assets/salePresentation-BtPN_6X5.js             4.27 kB │ gzip:   1.89 kB
dist/assets/useCriticalPdaAction-BY-5Pwk6.js         4.44 kB │ gzip:   2.01 kB
dist/assets/split-Cr8sS3Rj.js                        4.51 kB │ gzip:   2.03 kB
dist/assets/index-e6FNOxS1.js                        4.53 kB │ gzip:   1.94 kB
dist/assets/FinderModal-CTIxRITb.js                  4.55 kB │ gzip:   1.90 kB
dist/assets/index-CItbFmLG.js                        4.72 kB │ gzip:   1.88 kB
dist/assets/transfer-out-D1IAkOMG.js                 4.82 kB │ gzip:   2.16 kB
dist/assets/kpi-DvZFk7Xm.js                          5.32 kB │ gzip:   2.51 kB
dist/assets/picking-CJe0xMft.js                      5.53 kB │ gzip:   2.11 kB
dist/assets/index-Drclo7r8.js                        5.54 kB │ gzip:   2.51 kB
dist/assets/trace-C_0H_Lbs.js                        5.59 kB │ gzip:   1.99 kB
dist/assets/index-C-Y_oQjM.js                        5.62 kB │ gzip:   2.38 kB
dist/assets/wave-performance-BD6tHRAj.js             5.63 kB │ gzip:   2.57 kB
dist/assets/transfer-in-zm3S0KlH.js                  5.70 kB │ gzip:   2.54 kB
dist/assets/index-D37SKPFu.js                        5.82 kB │ gzip:   2.36 kB
dist/assets/sale-return-putaway-DM1wLEKw.js          6.05 kB │ gzip:   2.43 kB
dist/assets/index-Bp0dcmM_.js                        6.36 kB │ gzip:   2.72 kB
dist/assets/pda-anomaly-dSsVE4Yr.js                  6.52 kB │ gzip:   2.65 kB
dist/assets/freight-reconciliation-C534GaYF.js       6.90 kB │ gzip:   2.57 kB
dist/assets/role-workbench-CbxHZO9z.js               6.92 kB │ gzip:   2.35 kB
dist/assets/index-CC9qYzvf.js                        6.97 kB │ gzip:   2.86 kB
dist/assets/warehouse-ops-TLG8QOS0.js                6.98 kB │ gzip:   2.74 kB
dist/assets/index-BZMRt8w7.js                        7.01 kB │ gzip:   3.03 kB
dist/assets/SaleOrderPreview-Bde2Q-vM.js             7.23 kB │ gzip:   2.72 kB
dist/assets/profit-analysis-Czv5oL16.js              7.37 kB │ gzip:   2.57 kB
dist/assets/detail-H8acXE5I.js                       7.47 kB │ gzip:   2.85 kB
dist/assets/index-B6PzCMcG.js                        7.56 kB │ gzip:   2.88 kB
dist/assets/index-daHQgrpV.js                        7.81 kB │ gzip:   2.74 kB
dist/assets/index-xNe3xoQB.js                        7.83 kB │ gzip:   2.95 kB
dist/assets/index-B6E_ZxT0.js                        7.85 kB │ gzip:   3.29 kB
dist/assets/index-DDYdnMNo.js                        7.89 kB │ gzip:   2.86 kB
dist/assets/inventory-aging-KWoXXd94.js              7.96 kB │ gzip:   3.07 kB
dist/assets/detail-DZ7uuX2n.js                       8.05 kB │ gzip:   3.02 kB
dist/assets/index-DpV5dyuf.js                        8.10 kB │ gzip:   2.40 kB
dist/assets/sort-DjAbE22M.js                         8.25 kB │ gzip:   3.22 kB
dist/assets/index-H9ppGe8h.js                        8.33 kB │ gzip:   2.31 kB
dist/assets/index-C_7BzgLh.js                        8.41 kB │ gzip:   3.27 kB
dist/assets/index-DXIvVU8t.js                        8.43 kB │ gzip:   2.97 kB
dist/assets/DataTable-DTqt4O9Z.js                    8.49 kB │ gzip:   3.45 kB
dist/assets/bind-BiGo22oo.js                         8.62 kB │ gzip:   3.89 kB
dist/assets/index-Cer77qbz.js                        8.88 kB │ gzip:   3.30 kB
dist/assets/ship-DMnQszG9.js                         8.89 kB │ gzip:   3.39 kB
dist/assets/stockcheck-CEQOilSa.js                   9.06 kB │ gzip:   3.54 kB
dist/assets/sale-return-receive-D1m_5uJ3.js          9.29 kB │ gzip:   3.37 kB
dist/assets/abc-B60SZZpc.js                          9.37 kB │ gzip:   3.55 kB
dist/assets/detail-C0XNaT7n.js                       9.38 kB │ gzip:   3.59 kB
dist/assets/index-B-Kdqrj4.js                        9.54 kB │ gzip:   3.37 kB
dist/assets/flows-VASn0s3d.js                        9.66 kB │ gzip:   3.38 kB
dist/assets/ProductFinderModal-TozBP2JB.js           9.76 kB │ gzip:   3.64 kB
dist/assets/create-Sp06pUBv.js                       9.82 kB │ gzip:   3.39 kB
dist/assets/index-9oFm__99.js                        9.89 kB │ gzip:   3.60 kB
dist/assets/index-CANLCqp1.js                        9.96 kB │ gzip:   3.45 kB
dist/assets/check-D386VmF-.js                       10.25 kB │ gzip:   3.86 kB
dist/assets/putaway-CSGyuZLo.js                     10.40 kB │ gzip:   3.93 kB
dist/assets/index-V9ktdeY2.js                       10.47 kB │ gzip:   3.68 kB
dist/assets/index-Bp98MWGx.js                       10.69 kB │ gzip:   3.95 kB
dist/assets/replenishment-BLst6d9z.js               10.75 kB │ gzip:   4.13 kB
dist/assets/index-BGy0GPM3.js                       10.75 kB │ gzip:   3.35 kB
dist/assets/ChartWidgets-DfdZWWuN.js                11.33 kB │ gzip:   3.26 kB
dist/assets/adjustment-C5aQVVfc.js                  11.36 kB │ gzip:   3.74 kB
dist/assets/index-BgPhz8BF.js                       11.49 kB │ gzip:   4.56 kB
dist/assets/index-BZ9eDkuD.js                       11.56 kB │ gzip:   4.49 kB
dist/assets/SaleOrderPrintTemplate-Dop452ZG.js      11.63 kB │ gzip:   3.92 kB
dist/assets/cancel-return-DCAOua26.js               11.75 kB │ gzip:   3.78 kB
dist/assets/index-DDPOiGu-.js                       11.96 kB │ gzip:   4.46 kB
dist/assets/task-O2rD8lp1.js                        12.05 kB │ gzip:   4.63 kB
dist/assets/index-ogj2XrzG.js                       12.21 kB │ gzip:   4.78 kB
dist/assets/index-u42jHydg.js                       12.34 kB │ gzip:   4.68 kB
dist/assets/index-CMgkmWnw.js                       12.60 kB │ gzip:   4.67 kB
dist/assets/index-DA2J6-1p.js                       12.76 kB │ gzip:   4.35 kB
dist/assets/index-keA1Je5B.js                       13.34 kB │ gzip:   4.31 kB
dist/assets/PaymentsView-w6NPT_WD.js                13.44 kB │ gzip:   4.65 kB
dist/assets/index-BwVk9yY1.js                       13.51 kB │ gzip:   4.48 kB
dist/assets/index-bqWuCrOF.js                       13.57 kB │ gzip:   4.95 kB
dist/assets/index-BJiLczOv.js                       13.69 kB │ gzip:   4.95 kB
dist/assets/index-Yc3xMW_h.js                       13.97 kB │ gzip:   5.46 kB
dist/assets/index-yO8WeZaH.js                       14.16 kB │ gzip:   4.98 kB
dist/assets/index-CbQ8Bn8e.js                       14.39 kB │ gzip:   5.26 kB
dist/assets/form-BXANsFwC.js                        14.66 kB │ gzip:   5.23 kB
dist/assets/index-fzrD6NzB.js                       15.28 kB │ gzip:   5.40 kB
dist/assets/form-CmY5BELA.js                        15.65 kB │ gzip:   5.21 kB
dist/assets/index-CRWTa3wA.js                       15.71 kB │ gzip:   5.30 kB
dist/assets/index-4JqK84uq.js                       15.79 kB │ gzip:   5.58 kB
dist/assets/pack-DtKvwBCp.js                        16.25 kB │ gzip:   5.51 kB
dist/assets/index-C9gYYieP.js                       16.42 kB │ gzip:   5.63 kB
dist/assets/index-gf0oUEsr.js                       16.83 kB │ gzip:   4.96 kB
dist/assets/index-BbzbiDP0.js                       17.37 kB │ gzip:   5.96 kB
dist/assets/ReconciliationView-DFw3q3Fq.js          17.53 kB │ gzip:   5.73 kB
dist/assets/orderPrintData-CrrGF8Tq.js              17.61 kB │ gzip:   6.06 kB
dist/assets/index-Ccc-LTm6.js                       17.69 kB │ gzip:   6.14 kB
dist/assets/index-KXLZ0FjV.js                       18.84 kB │ gzip:   6.06 kB
dist/assets/index-Dx5mARUN.js                       18.88 kB │ gzip:   6.59 kB
dist/assets/receive-BRkaPtDi.js                     19.28 kB │ gzip:   6.40 kB
dist/assets/ReceiptPanel-BAp9WPaq.js                19.52 kB │ gzip:   6.42 kB
dist/assets/index-BQ40sanD.js                       21.70 kB │ gzip:   6.50 kB
dist/assets/button-Ba6zOBdn.js                      22.29 kB │ gzip:   7.63 kB
dist/assets/index-Bb3Uw_wz.js                       27.60 kB │ gzip:   9.45 kB
dist/assets/index-BBB0D2x4.js                       28.52 kB │ gzip:   8.73 kB
dist/assets/index-taABgGdG.js                       35.34 kB │ gzip:   9.30 kB
dist/assets/vendor-router-D1GpYJS0.js               39.90 kB │ gzip:  14.46 kB
dist/assets/vendor-query-Uhmn-FTZ.js                52.60 kB │ gzip:  15.58 kB
dist/assets/editor-BaghmYE2.js                      62.69 kB │ gzip:  18.11 kB
dist/assets/index-D667M0vZ.js                       65.53 kB │ gzip:  16.92 kB
dist/assets/index-m16IMSKm.js                       72.97 kB │ gzip:  21.49 kB
dist/assets/index-B2v8SmdK.js                       80.78 kB │ gzip:  22.70 kB
dist/assets/vendor-barcode-BeOQv0XQ.js              84.83 kB │ gzip:  20.49 kB
dist/assets/DatePicker-CppLyhJr.js                  85.46 kB │ gzip:  22.93 kB
dist/assets/index-BjrwpfwN.js                      104.06 kB │ gzip:  32.81 kB
dist/assets/vendor-core-BNydJVSP.js                118.52 kB │ gzip:  32.04 kB
dist/assets/vendor-ui-C09EkYoE.js                  123.13 kB │ gzip:  35.12 kB
dist/assets/vendor-react-DetBxfKs.js               178.07 kB │ gzip:  58.35 kB
dist/assets/vendor-charts-D_WakYDk.js              398.76 kB │ gzip: 115.76 kB
✓ built in 3.88s
