TAP version 13
# Subtest: 真实Sentry HTTP传输对接收端0作准确判定
not ok 1 - 真实Sentry HTTP传输对接收端0作准确判定
  ---
  duration_ms: 7017.483
  type: 'test'
  location: '/Users/chengjianghao/flowcube/tests/round2-observability.test.js:29:3'
  failureType: 'testCodeFailure'
  error: |-
    接收端不响应时探针必须自行限时退出
    
    true !== false
    
  code: 'ERR_ASSERTION'
  name: 'AssertionError'
  expected: false
  actual: true
  operator: 'strictEqual'
  stack: |-
    TestContext.<anonymous> (/Users/chengjianghao/flowcube/tests/round2-observability.test.js:39:14)
    async Test.run (node:internal/test_runner/test:1054:7)
    async startSubtestAfterBootstrap (node:internal/test_runner/harness:296:3)
  ...
1..1
# tests 1
# suites 0
# pass 0
# fail 1
# cancelled 0
# skipped 0
# todo 0
# duration_ms 7080.143
