
────────────────────────────────────────────────────────────
  会计凭证引擎回归
────────────────────────────────────────────────────────────
[Migrate] ⚠ 重复迁移编号：057, 064, 089（历史遗留 ，仅提示不中断）
[Migrate] ⚠ 缺迁移编号：008, 009, 040（历史遗留，不影响执行）
[Migrate] 所有迁移均已执行，无需更新
[Downloads] 📦 权威静态目录绝对路径: /tmp/flowcube-round2-test-downloads
[Downloads] ✅ downloads 目录存在
[Downloads] 📁 文件列表: (空目录)
[2026-09-05 22:28:22.969] [INFO ] [[object Object]] accounting {"0":"生","1":"成","2":"凭","3":"证","4":" ","5":"p","6":"e","7":"r","8":"i","9":"o","10":"d","11":"=","12":"A","13":"L","14":"L","15":" ","16":"c","17":"o","18":"m","19":"p","20":"a","21":"n","22":"y","23":"=","24":"1","25":" ","26":"{","27":"\"","28":"c","29":"r","30":"e","31":"a","32":"t","33":"e","34":"d","35":"\"","36":":","37":"4","38":",","39":"\"","40":"u","41":"p","42":"d","43":"a","44":"t","45":"e","46":"d","47":"\"","48":":","49":"0","50":",","51":"\"","52":"u","53":"n","54":"c","55":"h","56":"a","57":"n","58":"g","59":"e","60":"d","61":"\"","62":":","63":"0","64":",","65":"\"","66":"r","67":"e","68":"v","69":"e","70":"r","71":"s","72":"e","73":"d","74":"\"","75":":","76":"0","77":",","78":"\"","79":"e","80":"m","81":"p","82":"t","83":"y","84":"\"","85":":","86":"0","87":",","88":"\"","89":"s","90":"k","91":"i","92":"p","93":"p","94":"e","95":"d","96":"C","97":"l","98":"o","99":"s","100":"e","101":"d","102":"\"","103":":","104":"0","105":",","106":"\"","107":"t","108":"o","109":"t","110":"a","111":"l","112":"\"","113":":","114":"4","115":"}"}
  [PASS] 生成了凭证
  [PASS] 收款(银行)：借1002/贷1122 各123.45
  [PASS] 收款分录带往来名称快照(应收侧 aux_name=客户A)
  [PASS] 收款(现金)→库存现金1001（type=2 账户映射）
  [PASS] 付款：借2202/贷1002 各67.89
  [PASS] 报销：借6602/贷1002 各50
  [PASS] 每张凭证借贷平衡且头表=分录
  [PASS] 资金侧凭证合计 === 资金流水合计
  [PASS] 无重复 (source_type,source_id)
[2026-09-05 22:28:22.981] [INFO ] [[object Object]] accounting {"0":"生","1":"成","2":"凭","3":"证","4":" ","5":"p","6":"e","7":"r","8":"i","9":"o","10":"d","11":"=","12":"A","13":"L","14":"L","15":" ","16":"c","17":"o","18":"m","19":"p","20":"a","21":"n","22":"y","23":"=","24":"1","25":" ","26":"{","27":"\"","28":"c","29":"r","30":"e","31":"a","32":"t","33":"e","34":"d","35":"\"","36":":","37":"0","38":",","39":"\"","40":"u","41":"p","42":"d","43":"a","44":"t","45":"e","46":"d","47":"\"","48":":","49":"0","50":",","51":"\"","52":"u","53":"n","54":"c","55":"h","56":"a","57":"n","58":"g","59":"e","60":"d","61":"\"","62":":","63":"4","64":",","65":"\"","66":"r","67":"e","68":"v","69":"e","70":"r","71":"s","72":"e","73":"d","74":"\"","75":":","76":"0","77":",","78":"\"","79":"e","80":"m","81":"p","82":"t","83":"y","84":"\"","85":":","86":"0","87":",","88":"\"","89":"s","90":"k","91":"i","92":"p","93":"p","94":"e","95":"d","96":"C","97":"l","98":"o","99":"s","100":"e","101":"d","102":"\"","103":":","104":"0","105":",","106":"\"","107":"t","108":"o","109":"t","110":"a","111":"l","112":"\"","113":":","114":"4","115":"}"}
  [PASS] 幂等：二次生成 created=0 且 updated=0
  [PASS] 幂等：凭证总数不变

════════════════════════════════════════════════════════════
  11 passed, 0 failed
════════════════════════════════════════════════════════════

