[Migrate] ⚠ 重复迁移编号：057, 064, 089（历史遗留 ，仅提示不中断）
[Migrate] ⚠ 缺迁移编号：008, 009, 040（历史遗留，不影响执行）
[Migrate] 所有迁移均已执行，无需更新
[Downloads] 📦 权威静态目录绝对路径: /tmp/flowcube-round2-test-downloads
[Downloads] ✅ downloads 目录存在
[Downloads] 📁 文件列表: (空目录)
[2026-09-05 22:28:25.545] [INFO ] [AUTH_AUDIT] 登录成功 {"eventType":"login_success","userId":2,"username":"smoke_admin","requestId":"aec6c747-0c14-4d0c-b8c7-a48a3f10390e"}
[2026-09-05 22:28:25.547] [INFO ] [HTTP] POST /api/auth/login {"ms":76,"status":200,"userId":"-","path":"/api/auth/login","method":"POST","requestId":"aec6c747-0c14-4d0c-b8c7-a48a3f10390e"}
[2026-09-05 22:28:25.839] [INFO ] [AUTH_AUDIT] 登录成功 {"eventType":"login_success","userId":6,"username":"smoke_scoped","requestId":"a88bea5b-455e-431e-aa0b-ef20114fc1b9"}
[2026-09-05 22:28:25.839] [INFO ] [HTTP] POST /api/auth/login {"ms":61,"status":200,"userId":"-","path":"/api/auth/login","method":"POST","requestId":"a88bea5b-455e-431e-aa0b-ef20114fc1b9"}

────────────────────────────────────────────────────────────
  采购单：列表过滤 + 详情拦截 + 写操作拦截
────────────────────────────────────────────────────────────
[2026-09-05 22:28:25.858] [INFO ] [HTTP] POST /api/purchase {"ms":14,"status":201,"userId":2,"path":"/api/purchase","method":"POST","requestId":"538eb9bd-eb3c-49b5-8277-00cd491c7905"}
[2026-09-05 22:28:25.865] [INFO ] [HTTP] POST /api/purchase {"ms":5,"status":201,"userId":2,"path":"/api/purchase","method":"POST","requestId":"1707bf18-8d6d-419b-8a07-6adfb4c0ffbe"}
[2026-09-05 22:28:25.873] [INFO ] [HTTP] GET /api/purchase?pageSize=200 {"ms":6,"status":200,"userId":6,"path":"/api/purchase?pageSize=200","method":"GET","requestId":"57d5a5df-d2d1-4379-896d-ce486ab755a4"}
  [PASS] ★ 列表只返回自己仓的采购单（修复前 A 仓管理员能翻到 B 仓的采购价与供应商）
[2026-09-05 22:28:25.879] [INFO ] [HTTP] GET /api/purchase/1 {"ms":4,"status":200,"userId":6,"path":"/api/purchase/1","method":"GET","requestId":"fc42ac06-48e7-4d8c-9789-1d6c305fdae8"}
  [PASS] 自己仓的采购单详情正常可看
[2026-09-05 22:28:25.882] [WARN ] [ERR] [AppError] 无权访问其他仓库的采购单 {"path":"/api/purchase/2","userId":6,"refNo":"","requestId":"2fc7e38d-f9e9-4b8d-8996-c55954ad409f","code":"WAREHOUSE_SCOPE_DENIED","statusCode":403}
[2026-09-05 22:28:25.882] [WARN ] [HTTP] GET /api/purchase/2 {"ms":2,"status":403,"userId":6,"path":"/api/purchase/2","method":"GET","requestId":"2fc7e38d-f9e9-4b8d-8996-c55954ad409f"}
  [PASS] ★ 知道 id 也查不了别人仓的详情（列表过滤挡不住直接访问）
[2026-09-05 22:28:25.887] [WARN ] [ERR] [AppError] 无权访问其他仓库的采购单 {"path":"/api/purchase/2/confirm","userId":6,"refNo":"","requestId":"4ba369c1-a109-4de5-9ffe-9a16deae6dd1","code":"WAREHOUSE_SCOPE_DENIED","statusCode":403}
[2026-09-05 22:28:25.887] [WARN ] [HTTP] POST /api/purchase/2/confirm {"ms":3,"status":403,"userId":6,"path":"/api/purchase/2/confirm","method":"POST","requestId":"4ba369c1-a109-4de5-9ffe-9a16deae6dd1"}
  [PASS] ★ 也改不了别人仓的单据状态（能看不能改是假隔离，这里连改都挡住）
[2026-09-05 22:28:25.892] [WARN ] [ERR] [AppError] 无权访问其他仓库的采购单 {"path":"/api/purchase/2/cancel","userId":6,"refNo":"","requestId":"59cb0113-5579-4fdf-bb0d-03362c3109aa","code":"WAREHOUSE_SCOPE_DENIED","statusCode":403}
[2026-09-05 22:28:25.893] [WARN ] [HTTP] POST /api/purchase/2/cancel {"ms":3,"status":403,"userId":6,"path":"/api/purchase/2/cancel","method":"POST","requestId":"59cb0113-5579-4fdf-bb0d-03362c3109aa"}
  [PASS] 取消别人仓的采购单同样被拒
[2026-09-05 22:28:25.898] [INFO ] [HTTP] POST /api/purchase/1/confirm {"ms":3,"status":200,"userId":6,"path":"/api/purchase/1/confirm","method":"POST","requestId":"f7e09bd0-f0d1-4605-a5e7-253553c80ec3"}
  [PASS] 自己仓的采购单可以正常确认（隔离不能把人挡在门外）

────────────────────────────────────────────────────────────
  收货订单：列表过滤 + 详情拦截 + 写操作拦截
────────────────────────────────────────────────────────────
[2026-09-05 22:28:25.907] [INFO ] [HTTP] POST /api/purchase {"ms":5,"status":201,"userId":2,"path":"/api/purchase","method":"POST","requestId":"2958a2a1-120f-4992-98ca-66bb3edbbb56"}
[2026-09-05 22:28:25.911] [INFO ] [HTTP] POST /api/purchase/3/confirm {"ms":3,"status":200,"userId":2,"path":"/api/purchase/3/confirm","method":"POST","requestId":"cf3b04f5-4fc3-4d13-9640-10ee0c17bade"}
[2026-09-05 22:28:25.921] [INFO ] [HTTP] POST /api/inbound-tasks {"ms":9,"status":201,"userId":2,"path":"/api/inbound-tasks","method":"POST","requestId":"2e93ed47-aeef-46b3-b913-6f1cef91b162"}
[2026-09-05 22:28:25.928] [INFO ] [HTTP] POST /api/inbound-tasks {"ms":5,"status":201,"userId":2,"path":"/api/inbound-tasks","method":"POST","requestId":"2458b766-16e8-4714-9cea-59e49fd32b94"}
[2026-09-05 22:28:25.935] [INFO ] [HTTP] GET /api/inbound-tasks?pageSize=200 {"ms":4,"status":200,"userId":6,"path":"/api/inbound-tasks?pageSize=200","method":"GET","requestId":"41efd5e9-9376-4208-a5c8-69b24d1a0740"}
  [PASS] ★ 收货订单列表只返回自己仓的
[2026-09-05 22:28:25.938] [WARN ] [ERR] [AppError] 无权访问其他仓库的收货订单 {"path":"/api/inbound-tasks/1","userId":6,"refNo":"","requestId":"9c6a98eb-d700-4827-ab32-6da40055d4a8","code":"WAREHOUSE_SCOPE_DENIED","statusCode":403}
[2026-09-05 22:28:25.938] [WARN ] [HTTP] GET /api/inbound-tasks/1 {"ms":1,"status":403,"userId":6,"path":"/api/inbound-tasks/1","method":"GET","requestId":"9c6a98eb-d700-4827-ab32-6da40055d4a8"}
  [PASS] ★ 别人仓的收货订单详情被拒
[2026-09-05 22:28:25.942] [WARN ] [ERR] [AppError] 无权访问其他仓库的收货订单 {"path":"/api/inbound-tasks/1/submit","userId":6,"refNo":"","requestId":"418fcbe9-865f-4472-b01f-41421d8c7bdd","code":"WAREHOUSE_SCOPE_DENIED","statusCode":403}
[2026-09-05 22:28:25.942] [WARN ] [HTTP] POST /api/inbound-tasks/1/submit {"ms":2,"status":403,"userId":6,"path":"/api/inbound-tasks/1/submit","method":"POST","requestId":"418fcbe9-865f-4472-b01f-41421d8c7bdd"}
  [PASS] ★ 提交别人仓的收货订单到 PDA 被拒
[2026-09-05 22:28:25.945] [WARN ] [ERR] [AppError] 无权访问其他仓库的收货订单 {"path":"/api/inbound-tasks/1/cancel","userId":6,"refNo":"","requestId":"b8c965d5-7e94-4068-8e1e-3a476bd40372","code":"WAREHOUSE_SCOPE_DENIED","statusCode":403}
[2026-09-05 22:28:25.945] [WARN ] [HTTP] POST /api/inbound-tasks/1/cancel {"ms":2,"status":403,"userId":6,"path":"/api/inbound-tasks/1/cancel","method":"POST","requestId":"b8c965d5-7e94-4068-8e1e-3a476bd40372"}
  [PASS] 取消别人仓的收货订单被拒
[2026-09-05 22:28:25.951] [INFO ] [HTTP] GET /api/inbound-tasks/2 {"ms":5,"status":200,"userId":6,"path":"/api/inbound-tasks/2","method":"GET","requestId":"bcff0af0-8e8f-4cb3-b876-8c9a378635d8"}
  [PASS] 自己仓的收货订单详情正常
[2026-09-05 22:28:25.959] [INFO ] [HTTP] POST /api/inbound-tasks/2/submit {"ms":6,"status":200,"userId":6,"path":"/api/inbound-tasks/2/submit","method":"POST","requestId":"49576d9e-fe17-46f0-9bb8-bb5d22411725"}
  [PASS] 自己仓的收货订单可以正常提交

────────────────────────────────────────────────────────────
  调拨单：源仓或目标仓任一在范围内即可见
────────────────────────────────────────────────────────────
[2026-09-05 22:28:25.971] [INFO ] [TRANSFER_EVENT] 记录调拨事件 {"transferOrderId":1,"orderNo":"TF20260905001","eventType":"TRANSFER_CREATED","operatorId":2,"requestId":"04dae81c-51df-4de0-8b25-33c9681c0c61"}
[2026-09-05 22:28:25.972] [INFO ] [HTTP] POST /api/transfer {"ms":9,"status":201,"userId":2,"path":"/api/transfer","method":"POST","requestId":"04dae81c-51df-4de0-8b25-33c9681c0c61"}
[2026-09-05 22:28:25.977] [INFO ] [TRANSFER_EVENT] 记录调拨事件 {"transferOrderId":2,"orderNo":"TF20260905002","eventType":"TRANSFER_CREATED","operatorId":2,"requestId":"0ae2628a-040a-46b3-8d0e-73fb1edd14dc"}
[2026-09-05 22:28:25.978] [INFO ] [HTTP] POST /api/transfer {"ms":4,"status":201,"userId":2,"path":"/api/transfer","method":"POST","requestId":"0ae2628a-040a-46b3-8d0e-73fb1edd14dc"}
[2026-09-05 22:28:25.983] [INFO ] [TRANSFER_EVENT] 记录调拨事件 {"transferOrderId":3,"orderNo":"TF20260905003","eventType":"TRANSFER_CREATED","operatorId":2,"requestId":"7b2fbbfb-03cc-46e9-b05b-a1b6d93bd7ee"}
[2026-09-05 22:28:25.984] [INFO ] [HTTP] POST /api/transfer {"ms":3,"status":201,"userId":2,"path":"/api/transfer","method":"POST","requestId":"7b2fbbfb-03cc-46e9-b05b-a1b6d93bd7ee"}
[2026-09-05 22:28:25.988] [INFO ] [HTTP] GET /api/transfer?pageSize=200 {"ms":1,"status":200,"userId":6,"path":"/api/transfer?pageSize=200","method":"GET","requestId":"9832d933-beb3-43b0-90c8-45f5ba3147dc"}
  [PASS] ★ 自己发出的调拨可见（若要求两端都在范围内，发货方会看不到自己的单子）
  [PASS] ★ 发给自己的调拨可见
  [PASS] ★ 与自己两端都无关的调拨不可见
[2026-09-05 22:28:25.991] [WARN ] [ERR] [AppError] 无权访问其他仓库的调拨单 {"path":"/api/transfer/3","userId":6,"refNo":"","requestId":"de527763-138b-46e1-8ea1-6935dad0556e","code":"WAREHOUSE_SCOPE_DENIED","statusCode":403}
[2026-09-05 22:28:25.991] [WARN ] [HTTP] GET /api/transfer/3 {"ms":1,"status":403,"userId":6,"path":"/api/transfer/3","method":"GET","requestId":"de527763-138b-46e1-8ea1-6935dad0556e"}
  [PASS] ★ 无关调拨的详情被拒
[2026-09-05 22:28:25.994] [WARN ] [ERR] [AppError] 无权访问其他仓库的调拨单 {"path":"/api/transfer/3/confirm","userId":6,"refNo":"","requestId":"93f40460-7b18-4eb4-b837-c24d529430bd","code":"WAREHOUSE_SCOPE_DENIED","statusCode":403}
[2026-09-05 22:28:25.994] [WARN ] [HTTP] POST /api/transfer/3/confirm {"ms":2,"status":403,"userId":6,"path":"/api/transfer/3/confirm","method":"POST","requestId":"93f40460-7b18-4eb4-b837-c24d529430bd"}
  [PASS] ★ 确认无关调拨被拒
[2026-09-05 22:28:25.997] [INFO ] [HTTP] GET /api/transfer/1 {"ms":2,"status":200,"userId":6,"path":"/api/transfer/1","method":"GET","requestId":"37da4d9d-e389-4cbb-bada-66dcb6d0fdc1"}
  [PASS] 自己参与的调拨详情正常

────────────────────────────────────────────────────────────
  盘点单与退货单：列表过滤 + 详情拦截
────────────────────────────────────────────────────────────
[2026-09-05 22:28:26.004] [INFO ] [HTTP] POST /api/stockcheck {"ms":5,"status":201,"userId":2,"path":"/api/stockcheck","method":"POST","requestId":"11f513cb-d5cd-47d9-9a01-b1d4716f5324"}
[2026-09-05 22:28:26.009] [INFO ] [HTTP] POST /api/stockcheck {"ms":4,"status":201,"userId":2,"path":"/api/stockcheck","method":"POST","requestId":"45793513-6752-4b96-aa5d-b4f39f75a5ab"}
[2026-09-05 22:28:26.011] [INFO ] [HTTP] GET /api/stockcheck?pageSize=200 {"ms":1,"status":200,"userId":6,"path":"/api/stockcheck?pageSize=200","method":"GET","requestId":"26ffe71e-41ab-4b02-984f-e5ec62c8b22d"}
  [PASS] ★ 盘点单列表只返回自己仓的
[2026-09-05 22:28:26.014] [WARN ] [ERR] [AppError] 无权访问其他仓库的盘点单 {"path":"/api/stockcheck/2","userId":6,"refNo":"","requestId":"8f31aa31-bf8a-4c34-8dc9-656b729bcf90","code":"WAREHOUSE_SCOPE_DENIED","statusCode":403}
[2026-09-05 22:28:26.014] [WARN ] [HTTP] GET /api/stockcheck/2 {"ms":1,"status":403,"userId":6,"path":"/api/stockcheck/2","method":"GET","requestId":"8f31aa31-bf8a-4c34-8dc9-656b729bcf90"}
  [PASS] ★ 别人仓的盘点单详情被拒
[2026-09-05 22:28:26.016] [WARN ] [ERR] [AppError] 无权访问其他仓库的盘点单 {"path":"/api/stockcheck","userId":6,"refNo":"","requestId":"0a1dc5e4-4869-4079-97b0-5aa391d26155","code":"WAREHOUSE_SCOPE_DENIED","statusCode":403}
[2026-09-05 22:28:26.016] [WARN ] [HTTP] POST /api/stockcheck {"ms":0,"status":403,"userId":6,"path":"/api/stockcheck","method":"POST","requestId":"0a1dc5e4-4869-4079-97b0-5aa391d26155"}
  [PASS] ★ 不能给别人仓新建盘点单（创建类写操作同样受限）
[2026-09-05 22:28:26.029] [INFO ] [RETURN_EVENT] 记录退货事件 {"returnType":"sale","returnId":1,"returnNo":"SR20260905001","eventType":"RETURN_CREATED","operatorId":2,"requestId":"cbc304f5-183e-4623-854d-fea11c0c1d08"}
[2026-09-05 22:28:26.030] [INFO ] [HTTP] POST /api/returns/sale {"ms":10,"status":201,"userId":2,"path":"/api/returns/sale","method":"POST","requestId":"cbc304f5-183e-4623-854d-fea11c0c1d08"}
[2026-09-05 22:28:26.036] [INFO ] [RETURN_EVENT] 记录退货事件 {"returnType":"sale","returnId":2,"returnNo":"SR20260905002","eventType":"RETURN_CREATED","operatorId":2,"requestId":"e3c952ad-c537-437a-aa74-8e8c84c3aff0"}
[2026-09-05 22:28:26.037] [INFO ] [HTTP] POST /api/returns/sale {"ms":4,"status":201,"userId":2,"path":"/api/returns/sale","method":"POST","requestId":"e3c952ad-c537-437a-aa74-8e8c84c3aff0"}
[2026-09-05 22:28:26.042] [INFO ] [HTTP] GET /api/returns/sale?pageSize=200 {"ms":2,"status":200,"userId":6,"path":"/api/returns/sale?pageSize=200","method":"GET","requestId":"1a58999e-dd90-480b-887c-7cf6538c987a"}
  [PASS] ★ 销售退货单列表只返回自己仓的
[2026-09-05 22:28:26.045] [WARN ] [ERR] [AppError] 无权访问其他仓库的销售退货单 {"path":"/api/returns/sale/2","userId":6,"refNo":"","requestId":"127d4ef4-88b1-4ff5-90e2-09099165125a","code":"WAREHOUSE_SCOPE_DENIED","statusCode":403}
[2026-09-05 22:28:26.045] [WARN ] [HTTP] GET /api/returns/sale/2 {"ms":1,"status":403,"userId":6,"path":"/api/returns/sale/2","method":"GET","requestId":"127d4ef4-88b1-4ff5-90e2-09099165125a"}
  [PASS] ★ 别人仓的销售退货单详情被拒

────────────────────────────────────────────────────────────
  不限仓用户不受影响（表里没有行 = 不限仓）
────────────────────────────────────────────────────────────
[2026-09-05 22:28:26.048] [INFO ] [HTTP] GET /api/purchase?pageSize=200 {"ms":2,"status":200,"userId":2,"path":"/api/purchase?pageSize=200","method":"GET","requestId":"d7a4cfef-1c56-488d-96fe-8df8dcd9f64e"}
  [PASS] 管理员仍能看到全部仓库的采购单

────────────────────────────────────────────────────────────
  销售单：详情拦截 + 写操作拦截
────────────────────────────────────────────────────────────
[2026-09-05 22:28:26.062] [INFO ] [HTTP] POST /api/sale {"ms":11,"status":201,"userId":2,"path":"/api/sale","method":"POST","requestId":"b0a140cc-1990-4807-86be-b79511e4f477"}
  [PASS] 管理员造销售单成功
[2026-09-05 22:28:26.070] [WARN ] [ERR] [AppError] 无权访问其他仓库的销售单 {"path":"/api/sale/5","userId":6,"refNo":"","requestId":"2ae3dd1c-ae13-47f2-aeb0-45cfb1decb67","code":"WAREHOUSE_SCOPE_DENIED","statusCode":403}
[2026-09-05 22:28:26.070] [WARN ] [HTTP] GET /api/sale/5 {"ms":6,"status":403,"userId":6,"path":"/api/sale/5","method":"GET","requestId":"2ae3dd1c-ae13-47f2-aeb0-45cfb1decb67"}
  [PASS] ★ 别人仓销售单详情被拒（修复前详情接口完全不过滤）
[2026-09-05 22:28:26.074] [WARN ] [ERR] [AppError] 无权访问其他仓库的销售单 {"path":"/api/sale/5/reserve","userId":6,"refNo":"","requestId":"10d550bb-09c3-4f76-9506-6225561f2ffc","code":"WAREHOUSE_SCOPE_DENIED","statusCode":403}
[2026-09-05 22:28:26.074] [WARN ] [HTTP] POST /api/sale/5/reserve {"ms":2,"status":403,"userId":6,"path":"/api/sale/5/reserve","method":"POST","requestId":"10d550bb-09c3-4f76-9506-6225561f2ffc"}
  [PASS] ★ 别人仓销售单占库被拒
[2026-09-05 22:28:26.079] [WARN ] [ERR] [AppError] 无权访问其他仓库的销售单 {"path":"/api/sale/5/ship","userId":6,"refNo":"","requestId":"e285bd2b-9282-446e-8304-7345a91cd4b2","code":"WAREHOUSE_SCOPE_DENIED","statusCode":403}
[2026-09-05 22:28:26.079] [WARN ] [HTTP] POST /api/sale/5/ship {"ms":2,"status":403,"userId":6,"path":"/api/sale/5/ship","method":"POST","requestId":"e285bd2b-9282-446e-8304-7345a91cd4b2"}
  [PASS] ★ 别人仓销售单发起出库被拒
[2026-09-05 22:28:26.081] [WARN ] [ERR] [AppError] 无权访问其他仓库的销售单 {"path":"/api/sale/5/cancel","userId":6,"refNo":"","requestId":"0a607d89-121e-475c-a2f6-ffe9c9351907","code":"WAREHOUSE_SCOPE_DENIED","statusCode":403}
[2026-09-05 22:28:26.081] [WARN ] [HTTP] POST /api/sale/5/cancel {"ms":1,"status":403,"userId":6,"path":"/api/sale/5/cancel","method":"POST","requestId":"0a607d89-121e-475c-a2f6-ffe9c9351907"}
  [PASS] ★ 别人仓销售单取消被拒
[2026-09-05 22:28:26.090] [INFO ] [HTTP] POST /api/sale {"ms":6,"status":201,"userId":2,"path":"/api/sale","method":"POST","requestId":"7a78cf49-e1aa-49bb-b4aa-0dffa0ae300f"}
[2026-09-05 22:28:26.097] [INFO ] [HTTP] GET /api/sale/6 {"ms":6,"status":200,"userId":6,"path":"/api/sale/6","method":"GET","requestId":"0aba5fbb-6fba-4707-99e6-a95128896ce4"}
  [PASS] 自己仓的销售单详情正常
[2026-09-05 22:28:26.100] [WARN ] [ERR] [AppError] 无权访问其他仓库的销售单 {"path":"/api/sale","userId":6,"refNo":"","requestId":"2f6b4f47-8524-4212-b6f6-4a3d10043efa","code":"WAREHOUSE_SCOPE_DENIED","statusCode":403}
[2026-09-05 22:28:26.100] [WARN ] [HTTP] POST /api/sale {"ms":1,"status":403,"userId":6,"path":"/api/sale","method":"POST","requestId":"2f6b4f47-8524-4212-b6f6-4a3d10043efa"}
  [PASS] ★ 受限仓用户不能在其他仓库新建销售单
[2026-09-05 22:28:26.105] [WARN ] [ERR] [AppError] 无权访问其他仓库的销售单 {"path":"/api/sale/6/reserve","userId":6,"refNo":"","requestId":"b41eeb64-d96d-4f31-afc2-23b6c6ee061b","code":"WAREHOUSE_SCOPE_DENIED","statusCode":403}
[2026-09-05 22:28:26.105] [WARN ] [HTTP] POST /api/sale/6/reserve {"ms":2,"status":403,"userId":6,"path":"/api/sale/6/reserve","method":"POST","requestId":"b41eeb64-d96d-4f31-afc2-23b6c6ee061b"}
  [PASS] ★ 受限仓用户不能把本仓销售单改到其他仓库占库

────────────────────────────────────────────────────────────
  仓库任务：详情/取消/出库跨仓拦截（2026-08-21 高危修复）
────────────────────────────────────────────────────────────
[2026-09-05 22:28:26.126] [INFO ] [HTTP] POST /api/sale {"ms":5,"status":201,"userId":2,"path":"/api/sale","method":"POST","requestId":"71acb513-6430-4a12-8083-96cc19ff4d70"}
  [PASS] 管理员造他人仓销售单成功
[2026-09-05 22:28:26.140] [INFO ] [HTTP] POST /api/sale/7/reserve {"ms":13,"status":200,"userId":2,"path":"/api/sale/7/reserve","method":"POST","requestId":"fddf5735-de6b-443e-bd9e-9915e7c6192f"}
  [PASS] 管理员占库成功
[2026-09-05 22:28:26.154] [INFO ] [HTTP] POST /api/sale/7/ship {"ms":13,"status":200,"userId":2,"path":"/api/sale/7/ship","method":"POST","requestId":"07289cc5-75af-4a71-bdd9-1bf0d92d390e"}
  [PASS] 管理员发起出库成功
[2026-09-05 22:28:26.156] [WARN ] [ERR] [AppError] 无权访问其他仓库的仓库任务 {"path":"/api/warehouse-tasks/1","userId":6,"refNo":"","requestId":"701e10c5-44b3-4714-b615-b1c1b481cf3e","code":"WAREHOUSE_SCOPE_DENIED","statusCode":403}
[2026-09-05 22:28:26.156] [WARN ] [HTTP] GET /api/warehouse-tasks/1 {"ms":1,"status":403,"userId":6,"path":"/api/warehouse-tasks/1","method":"GET","requestId":"701e10c5-44b3-4714-b615-b1c1b481cf3e"}
  [PASS] ★ 别人仓任务详情被拒（修复前完全不过滤）
[2026-09-05 22:28:26.161] [WARN ] [ERR] [AppError] 无权访问其他仓库的仓库任务 {"path":"/api/warehouse-tasks/1/cancel","userId":6,"refNo":"","requestId":"42f90fe9-f49b-4df9-9d2b-3d5131eadc2e","code":"WAREHOUSE_SCOPE_DENIED","statusCode":403}
[2026-09-05 22:28:26.161] [WARN ] [HTTP] PUT /api/warehouse-tasks/1/cancel {"ms":3,"status":403,"userId":6,"path":"/api/warehouse-tasks/1/cancel","method":"PUT","requestId":"42f90fe9-f49b-4df9-9d2b-3d5131eadc2e"}
  [PASS] ★ 别人仓任务取消被拒
[2026-09-05 22:28:26.163] [WARN ] [ERR] [AppError] 此操作仅允许 PDA 扫码完成 {"path":"/api/warehouse-tasks/1/ship","userId":6,"refNo":"","requestId":"708b6474-0c33-4f55-8c34-737ce2cb95e7","code":"PDA_ONLY","statusCode":403}
[2026-09-05 22:28:26.163] [WARN ] [HTTP] PUT /api/warehouse-tasks/1/ship {"ms":1,"status":403,"userId":6,"path":"/api/warehouse-tasks/1/ship","method":"PUT","requestId":"708b6474-0c33-4f55-8c34-737ce2cb95e7"}
  [PASS] ★ 别人仓任务出库被拒（修复前可跨仓扣库存）
[2026-09-05 22:28:26.170] [INFO ] [HTTP] POST /api/sale {"ms":6,"status":201,"userId":2,"path":"/api/sale","method":"POST","requestId":"a1ff73fe-e746-478c-bddd-5058ef02bccd"}
[2026-09-05 22:28:26.182] [INFO ] [HTTP] POST /api/sale/8/reserve {"ms":11,"status":200,"userId":2,"path":"/api/sale/8/reserve","method":"POST","requestId":"71b7b356-f129-4daa-830a-67664d7d8d56"}
[2026-09-05 22:28:26.189] [INFO ] [HTTP] POST /api/sale/8/ship {"ms":6,"status":200,"userId":2,"path":"/api/sale/8/ship","method":"POST","requestId":"52248dac-5075-4a2e-8665-e40784c2ce11"}
[2026-09-05 22:28:26.196] [INFO ] [HTTP] GET /api/warehouse-tasks/2 {"ms":5,"status":200,"userId":6,"path":"/api/warehouse-tasks/2","method":"GET","requestId":"3c374ed3-4ad3-474c-be97-a67077ce155c"}
  [PASS] 自己仓的任务详情正常

────────────────────────────────────────────────────────────
  提权路径：非超管不能把账号改成超管（M1）
────────────────────────────────────────────────────────────
[2026-09-05 22:28:26.200] [WARN ] [HTTP] PUT /api/users/7 {"ms":1,"status":400,"userId":6,"path":"/api/users/7","method":"PUT","requestId":"4a63b75a-0928-4b3d-baf2-4fadd94e6be7"}
  [PASS] ★ 非超管改 roleId=1 被拒（schema 层 400，修复前会成功写入）
  [PASS] ★ 目标账号角色未被改动（仍是 4）
[2026-09-05 22:28:26.204] [INFO ] [HTTP] PUT /api/users/7 {"ms":3,"status":200,"userId":6,"path":"/api/users/7","method":"PUT","requestId":"5481e28c-2a91-4e98-b460-bfaccc5bbfe6"}
  [PASS] 非超管把普通角色改到另一普通角色仍然放行
  [PASS] 目标账号角色已改为 5

════════════════════════════════════════════════════════════
  43 passed, 0 failed
════════════════════════════════════════════════════════════

