TAP version 13
# Subtest: CPU配额拒绝所有零表示，小数正配额合法
not ok 1 - CPU配额拒绝所有零表示，小数正配额合法
  ---
  duration_ms: 1060.601167
  type: 'test'
  location: '/Users/chengjianghao/flowcube/tests/round2-restore.test.js:52:1'
  failureType: 'testCodeFailure'
  error: '0.0'
  code: 'ERR_ASSERTION'
  name: 'AssertionError'
  expected: 0
  actual: 0
  operator: 'notStrictEqual'
  stack: |-
    TestContext.<anonymous> (/Users/chengjianghao/flowcube/tests/round2-restore.test.js:55:12)
    Test.runInAsyncScope (node:async_hooks:214:14)
    Test.run (node:internal/test_runner/test:1047:25)
    Test.start (node:internal/test_runner/test:944:17)
    startSubtestAfterBootstrap (node:internal/test_runner/harness:296:17)
  ...
# Subtest: 直接终止调用者PID会立即终止内部恢复并清理容器
not ok 2 - 直接终止调用者PID会立即终止内部恢复并清理容器
  ---
  duration_ms: 2471.986917
  type: 'test'
  location: '/Users/chengjianghao/flowcube/tests/round2-restore.test.js:60:1'
  failureType: 'testCodeFailure'
  error: '终止后必须立即清理，不能等原deadline'
  code: 'ERR_ASSERTION'
  name: 'AssertionError'
  expected: true
  actual: false
  operator: '=='
  stack: |-
    TestContext.<anonymous> (/Users/chengjianghao/flowcube/tests/round2-restore.test.js:83:12)
    async Test.run (node:internal/test_runner/test:1054:7)
    async Test.processPendingSubtests (node:internal/test_runner/test:744:7)
  ...
1..2
# tests 2
# suites 0
# pass 0
# fail 2
# cancelled 0
# skipped 0
# todo 0
# duration_ms 3590.68175
